+-------+--------------------------+--------------------------------------------------------------------------+----------------------------------------------------------------------------------+--------------+
| Level | Type                     | File                                                                     | To Check                                                                         | Auto applied |
+-------+--------------------------+--------------------------------------------------------------------------+----------------------------------------------------------------------------------+--------------+
| WARN  | Override (phtml/js/html) | vendor/magento/module-bundle/view/frontend/templates/js/components.phtml | app/design/frontend/Ampersand/theme/Magento_Bundle/templates/js/components.phtml | Yes          |
+-------+--------------------------+--------------------------------------------------------------------------+----------------------------------------------------------------------------------+--------------+
