+-------+--------------------------+------------------------------------------------------------------------------------------------------------------------------------+------------------------------------------------------------------------------------------------------------------------------------+
| Level | Type                     | File                                                                                                                               | To Check                                                                                                                           |
+-------+--------------------------+------------------------------------------------------------------------------------------------------------------------------------+------------------------------------------------------------------------------------------------------------------------------------+
| WARN  | DB schema added          | vendor/ampersand/upgrade-patch-helper-test-module/src/module/etc/db_schema.xml                                                     | queue_poison_pill                                                                                                                  |
| WARN  | DB schema added          | vendor/ampersand/upgrade-patch-helper-test-module/src/module/etc/db_schema.xml                                                     | sales_order                                                                                                                        |
| WARN  | DB schema changed        | vendor/ampersand/upgrade-patch-helper-test-module/src/module/etc/db_schema.xml                                                     | customer_entity                                                                                                                    |
| WARN  | DB schema removed        | vendor/ampersand/upgrade-patch-helper-test-module-to-be-removed/src/module/etc/db_schema.xml                                       | catalog_category_entity                                                                                                            |
| WARN  | DB schema removed        | vendor/ampersand/upgrade-patch-helper-test-module/src/module/etc/db_schema.xml                                                     | wishlist                                                                                                                           |
| WARN  | DB schema target changed | vendor/magento/module-customer/etc/db_schema.xml                                                                                   | vendor/ampersand/upgrade-patch-helper-test-module/src/module/etc/db_schema.xml (customer_entity)                                   |
| WARN  | DB schema target changed | vendor/magento/module-sales/etc/db_schema.xml                                                                                      | vendor/ampersand/upgrade-patch-helper-test-module/src/module/etc/db_schema.xml (sales_order)                                       |
| WARN  | DB schema target changed | vendor/magento/module-wishlist/etc/db_schema.xml                                                                                   | app/code/Ampersand/Test/etc/db_schema.xml (wishlist_item)                                                                          |
| WARN  | Plugin                   | vendor/magento/framework/Stdlib/Cookie/PhpCookieManager.php                                                                        | Ampersand\Test\Plugin\PhpCookieManager::beforeSetPublicCookie                                                                      |
| WARN  | Plugin                   | vendor/magento/module-adobe-ims/Model/UserProfile.php                                                                              | Ampersand\Test\Plugin\AdobeImsUserProfile::afterGetUpdatedAt                                                                       |
| WARN  | Plugin                   | vendor/magento/module-adobe-ims/Model/UserProfile.php                                                                              | Ampersand\Test\Plugin\AdobeImsUserProfile::aroundGetUpdatedAt                                                                      |
| WARN  | Plugin                   | vendor/magento/module-adobe-ims/Model/UserProfile.php                                                                              | Ampersand\Test\Plugin\AdobeImsUserProfile::beforeGetUpdatedAt                                                                      |
| WARN  | Plugin                   | vendor/magento/module-adobe-ims/Model/UserProfile.php                                                                              | Ampersand\Test\Plugin\AdobeImsUserProfileVirtual::afterGetUpdatedAt                                                                |
| WARN  | Plugin                   | vendor/magento/module-adobe-ims/Model/UserProfile.php                                                                              | Ampersand\Test\Plugin\AdobeImsUserProfileVirtual::aroundGetUpdatedAt                                                               |
| WARN  | Plugin                   | vendor/magento/module-adobe-ims/Model/UserProfile.php                                                                              | Ampersand\Test\Plugin\AdobeImsUserProfileVirtual::beforeGetUpdatedAt                                                               |
| WARN  | Preference               | vendor/ampersand/upgrade-patch-helper-test-module/src/module/Api/ExampleInterface.php                                              | Ampersand\Test\Model\Example                                                                                                       |
| WARN  | Preference               | vendor/ampersand/upgrade-patch-helper-test-module/src/module/Model/SomeClass.php                                                   | Ampersand\Test\Model\ThirdPartyClass                                                                                               |
| WARN  | Preference               | vendor/magento/framework/Locale/Format.php                                                                                         | Ampersand\Test\Model\Locale\Format                                                                                                 |
| WARN  | Preference               | vendor/magento/module-advanced-pricing-import-export/Model/Export/AdvancedPricing.php                                              | Ampersand\Test\Model\Admin\Export\AdvancedPricing                                                                                  |
| WARN  | Preference               | vendor/magento/module-weee/Model/Total/Quote/Weee.php                                                                              | Ampersand\Test\Model\Admin\Total\Quote\Weee                                                                                        |
| WARN  | Preference               | vendor/magento/module-weee/Model/Total/Quote/Weee.php                                                                              | Ampersand\Test\Model\Frontend\Total\Quote\Weee                                                                                     |
| WARN  | Preference               | vendor/magento/module-weee/Model/Total/Quote/Weee.php                                                                              | Ampersand\Test\Model\Total\Quote\Weee                                                                                              |
+-------+--------------------------+------------------------------------------------------------------------------------------------------------------------------------+------------------------------------------------------------------------------------------------------------------------------------+
WARN count: 22
INFO count: 381 (to view re-run this tool with --show-info)
For docs on each check see https://github.com/AmpersandHQ/ampersand-magento2-upgrade-patch-helper/blob/master/docs/CHECKS_AVAILABLE.md