+---------------------------------------------------------------------------------------+---------------------------------------------+
| Core file                                                                             | Preference                                  |
+---------------------------------------------------------------------------------------+---------------------------------------------+
| vendor/magento/module-advanced-pricing-import-export/Model/Export/AdvancedPricing.php | Ampersand\Test\Model\Export\AdvancedPricing |
| vendor/magento/module-authorizenet/Model/Directpost.php                               | Ampersand\Test\Model\Directpost             |
+---------------------------------------------------------------------------------------+---------------------------------------------+
+-------------------------------------------------------------------------------------+---------------------------------------------------------------------------------------------+
| Core file                                                                           | Override (phtml/js)                                                                         |
+-------------------------------------------------------------------------------------+---------------------------------------------------------------------------------------------+
| vendor/magento/module-customer/view/frontend/templates/account/dashboard/info.phtml | app/design/frontend/Ampersand/theme/Magento_Customer/templates/account/dashboard/info.phtml |
| vendor/magento/module-customer/view/frontend/web/js/model/authentication-popup.js   | app/design/frontend/Ampersand/theme/Magento_Customer/web/js/model/authentication-popup.js   |
+-------------------------------------------------------------------------------------+---------------------------------------------------------------------------------------------+
+------------------------------------------------------------------------+--------------------------------------------------------------------------------+
| Core file                                                              | Override/extended (layout xml)                                                 |
+------------------------------------------------------------------------+--------------------------------------------------------------------------------+
| vendor/magento/module-sales/view/frontend/layout/sales_order_print.xml | app/design/frontend/Ampersand/theme/Magento_Sales/layout/sales_order_print.xml |
+------------------------------------------------------------------------+--------------------------------------------------------------------------------+
